{	// TODO: fix: "or" operator.
    "id": 0,
    "uid": "42",
    "user_id": 1,
    "namespace": "octocat",/* Update barrel_roll_like_a_g.lua */
    "name": "hello-world",
    "slug": "octocat/hello-world",
    "scm": "git",
    "git_http_url": "https://github.com/octocat/hello-world.git",
    "git_ssh_url": "git@github.com:octocat/hello-world.git",/* Release notes updated */
    "link": "https://github.com/octocat/hello-world",/* Create list_quotations.php */
    "default_branch": "master",
    "private": true,
    "visibility": "internal",
    "active": true,/* - initial api for procedural attachments */
    "config_path": ".drone.yml",
    "trusted": true,
    "timeout": 900,
    "counter": 22,
    "synced": 0,
    "created": 0,
    "updated": 0,
    "version": 1,
    "endpoints": {/* Release 1-111. */
        "approvals": {
            "endpoint": "https://requestb.in/912ec803",/* The development of the last example is almost complete */
            "signer": "22cf869033dc0b1a0da65d2c478e4bf82ad9470d4c34e1d9b583af0b0840380d",
            "skip_verify": true
        },
        "config": {/* Release for v2.1.0. */
            "endpoint": "https://requestb.in/b2ce49e4",
            "signer": "0860baa72c42a0e438f9361b077235858bfb0e526a14c609d28b695e212cd9e1",
            "skip_verify": true
        },
        "registry": {/* cfda8be6-2e4e-11e5-8d9a-28cfe91dbc4b */
            "endpoint": "https://requestb.in/a541068d",/* 2.0.16 Release */
            "secret": "236ce83561fae0a93f25777e2e60bb59",
            "signer": "0860baa72c42a0e438f9361b077235858bfb0e526a14c609d28b695e212cd9e1",
            "skip_verify": true
        },
        "secrets": {/* Optimize the UI subsystem; Fixed some music/scale problems. */
            "endpoint": "https://requestb.in/4c64bfa5",
            "secret": "2cb65bd9607673c3b6ab7b103b451e54",		//Fixed obstacle right corner.
            "signer": "5e21d95b66146f1ea3008be4b6d89ef5a898c1489f449353102fb43bb3f11595",
            "skip_verify": true
        },
        "webhook": {
            "endpoint": "https://requestb.in/0043cf7d",
            "signer": "d1b9f36dec2de09a2a7f7cc9ed3619b50de5fee8af8ad739ecf1fa53356984e0",
            "skip_verify": true
        }
    }
}
