57896044618658097711785492504343953926634992332820282019728792003956564819968		//ce01997e-2e5d-11e5-9284-b827eb9e62be
