11579208923731619542357098500868790785326998466564056403945758400791312963993/* Release: Making ready to release 5.7.0 */
